2026-02-23 00:33:32,727 [ERROR] LogOutputStream:75 - [STDERR_REDIRECT] 
2026-02-23 13:35:55,626 [INFO] Activator:176 - 


2026-02-23 13:35:55,633 [INFO] Activator:177 - !SESSION log4j initialized
2026-02-23 13:36:17,254 [INFO] LogOutputStream:77 - [STDOUT_REDIRECT] 
2026-02-23 13:36:24,168 [INFO] ApplicationProperties:184 - Using Application install path: C:\ST\STM32CubeIDE_1.19.0\STM32CubeIDE\plugins\com.st.stm32cube.common.mx_6.15.0.202507011659
2026-02-23 13:36:24,209 [INFO] DbMcusXml:78 - Set database path to: C:\ST\STM32CubeIDE_1.19.0\STM32CubeIDE\plugins\com.st.stm32cube.common.mx_6.15.0.202507011659\\db\/mcu/
2026-02-23 13:36:24,210 [INFO] ApiDb:274 - Set plugin database path to: C:\ST\STM32CubeIDE_1.19.0\STM32CubeIDE\plugins\com.st.stm32cube.common.mx_6.15.0.202507011659\\db\/plugins/boardmanager/
2026-02-23 13:36:24,211 [WARN] ApiDb:259 - Overriding images path with different value:  => C:\ST\STM32CubeIDE_1.19.0\STM32CubeIDE\plugins\com.st.stm32cube.common.mx_6.15.0.202507011659\\db\/plugins/mcufinder/images/
2026-02-23 13:36:24,231 [INFO] ApiDb:250 - Set database path to: C:\Users\adity\.stmcufinder\plugins\mcufinder//mcu/
2026-02-23 13:36:24,235 [INFO] DbMcusAds:125 - Set database path to: C:\Users\adity\.stmcufinder\plugins\mcufinder//mcu/
2026-02-23 13:36:24,241 [INFO] CrossReferenceDbSqlite:203 - Set database path to: C:\Users\adity\.stmcufinder\plugins\mcufinder//mcu/cs/
2026-02-23 13:36:24,560 [INFO] RulesReader:64 - Compatibility file has been processed (317 Rules)
2026-02-23 13:36:24,797 [INFO] DbMcusXml:78 - Set database path to: C:\ST\STM32CubeIDE_1.19.0\STM32CubeIDE\plugins\com.st.stm32cube.common.mx_6.15.0.202507011659\\db\/mcu/
2026-02-23 13:36:24,797 [INFO] ApiDb:274 - Set plugin database path to: C:\ST\STM32CubeIDE_1.19.0\STM32CubeIDE\plugins\com.st.stm32cube.common.mx_6.15.0.202507011659\\db\/plugins/boardmanager/
2026-02-23 13:36:24,798 [INFO] ApiDb:261 - Set plugin images path to: C:\ST\STM32CubeIDE_1.19.0\STM32CubeIDE\plugins\com.st.stm32cube.common.mx_6.15.0.202507011659\\db\/plugins/mcufinder/images/
2026-02-23 13:36:24,798 [WARN] DbFile:41 - Overriding database path with different value: C:\Users\adity\.stmcufinder\plugins\mcufinder/ => C:\Users\adity\.stmcufinder\plugins\mcufinder
2026-02-23 13:36:24,799 [INFO] ApiDb:250 - Set database path to: C:\Users\adity\.stmcufinder\plugins\mcufinder//mcu/
2026-02-23 13:36:24,800 [WARN] DbFile:41 - Overriding database path with different value: C:\Users\adity\.stmcufinder\plugins\mcufinder/ => C:\Users\adity\.stmcufinder\plugins\mcufinder
2026-02-23 13:36:24,800 [INFO] DbMcusAds:125 - Set database path to: C:\Users\adity\.stmcufinder\plugins\mcufinder//mcu/
2026-02-23 13:36:24,800 [WARN] DbFile:41 - Overriding database path with different value: C:\Users\adity\.stmcufinder\plugins\mcufinder/ => C:\Users\adity\.stmcufinder\plugins\mcufinder
2026-02-23 13:36:24,800 [WARN] DbFile:41 - Overriding database path with different value: C:\Users\adity\.stmcufinder\plugins\mcufinder/ => C:\Users\adity\.stmcufinder\plugins\mcufinder
2026-02-23 13:36:24,800 [INFO] CrossReferenceDbSqlite:203 - Set database path to: C:\Users\adity\.stmcufinder\plugins\mcufinder//mcu/cs/
2026-02-23 13:36:25,030 [INFO] MainPanel:274 - HeapMemory: 268435456
2026-02-23 13:36:25,303 [INFO] DbMcusXml:78 - Set database path to: C:\ST\STM32CubeIDE_1.19.0\STM32CubeIDE\plugins\com.st.stm32cube.common.mx_6.15.0.202507011659\\db\/mcu/
2026-02-23 13:36:25,303 [INFO] ApiDb:274 - Set plugin database path to: C:\ST\STM32CubeIDE_1.19.0\STM32CubeIDE\plugins\com.st.stm32cube.common.mx_6.15.0.202507011659\\db\/plugins/boardmanager/
2026-02-23 13:36:25,304 [INFO] ApiDb:261 - Set plugin images path to: C:\ST\STM32CubeIDE_1.19.0\STM32CubeIDE\plugins\com.st.stm32cube.common.mx_6.15.0.202507011659\\db\/plugins/mcufinder/images/
2026-02-23 13:36:25,305 [WARN] DbFile:41 - Overriding database path with different value: C:\Users\adity\.stmcufinder\plugins\mcufinder/ => C:\Users\adity\.stmcufinder\plugins\mcufinder
2026-02-23 13:36:25,305 [INFO] ApiDb:250 - Set database path to: C:\Users\adity\.stmcufinder\plugins\mcufinder//mcu/
2026-02-23 13:36:25,306 [WARN] DbFile:41 - Overriding database path with different value: C:\Users\adity\.stmcufinder\plugins\mcufinder/ => C:\Users\adity\.stmcufinder\plugins\mcufinder
2026-02-23 13:36:25,306 [INFO] DbMcusAds:125 - Set database path to: C:\Users\adity\.stmcufinder\plugins\mcufinder//mcu/
2026-02-23 13:36:25,306 [WARN] DbFile:41 - Overriding database path with different value: C:\Users\adity\.stmcufinder\plugins\mcufinder/ => C:\Users\adity\.stmcufinder\plugins\mcufinder
2026-02-23 13:36:25,307 [WARN] DbFile:41 - Overriding database path with different value: C:\Users\adity\.stmcufinder\plugins\mcufinder/ => C:\Users\adity\.stmcufinder\plugins\mcufinder
2026-02-23 13:36:25,307 [INFO] CrossReferenceDbSqlite:203 - Set database path to: C:\Users\adity\.stmcufinder\plugins\mcufinder//mcu/cs/
2026-02-23 13:36:25,356 [INFO] ApplicationProperties:184 - Using Application install path: C:\ST\STM32CubeIDE_1.19.0\STM32CubeIDE\plugins\com.st.stm32cube.common.mx_6.15.0.202507011659
2026-02-23 13:36:25,359 [INFO] PluginManage:196 - Search for loadable plugins [exclusion list=, ]
2026-02-23 13:36:25,363 [INFO] PluginManage:310 - Check plugin analytics
2026-02-23 13:36:26,281 [INFO] AnalyticsPlugin:253 - Accepted Software Licenses: STM32CubeMX.6.16.1
2026-02-23 13:36:26,282 [INFO] AnalyticsPlugin:255 - Accepted CMSIS Pack Licenses: 
2026-02-23 13:36:26,283 [INFO] AnalyticsPlugin:257 - Accepted Firmware Licenses: FW.F4.1.28.0
2026-02-23 13:36:26,295 [INFO] PluginManage:359 - Loaded plugin analytics (category:tool,tabindex:-1)
2026-02-23 13:36:26,297 [INFO] PluginManage:310 - Check plugin cadmodel
2026-02-23 13:36:26,317 [INFO] CADModel:105 - Init CAD model plugin
2026-02-23 13:36:26,317 [INFO] PluginManage:359 - Loaded plugin cadmodel (category:power,tabindex:5)
2026-02-23 13:36:26,318 [INFO] PluginManage:310 - Check plugin clock
2026-02-23 13:36:26,342 [INFO] PluginManage:359 - Loaded plugin clock (category:base,tabindex:2)
2026-02-23 13:36:26,342 [INFO] PluginManage:310 - Check plugin ddr
2026-02-23 13:36:26,347 [INFO] PluginManage:359 - Loaded plugin ddr (category:tool,tabindex:6)
2026-02-23 13:36:26,350 [INFO] PluginManage:310 - Check plugin filemanager
2026-02-23 13:36:26,708 [INFO] PluginManage:359 - Loaded plugin filemanager (category:base,tabindex:10)
2026-02-23 13:36:26,709 [INFO] PluginManage:310 - Check plugin ipmanager
2026-02-23 13:36:26,728 [INFO] PluginManage:359 - Loaded plugin ipmanager (category:base,tabindex:5)
2026-02-23 13:36:26,728 [INFO] PluginManage:310 - Check plugin lpbam
2026-02-23 13:36:26,747 [INFO] PluginManage:359 - Loaded plugin lpbam (category:base,tabindex:0)
2026-02-23 13:36:26,747 [INFO] PluginManage:310 - Check plugin memorymap
2026-02-23 13:36:26,784 [INFO] PluginManage:359 - Loaded plugin memorymap (category:base,tabindex:4)
2026-02-23 13:36:26,784 [INFO] PluginManage:310 - Check plugin pinoutandconfiguration
2026-02-23 13:36:26,812 [INFO] PluginManage:359 - Loaded plugin pinoutandconfiguration (category:base,tabindex:1)
2026-02-23 13:36:26,812 [INFO] PluginManage:310 - Check plugin pinoutconfig
2026-02-23 13:36:27,106 [WARN] SupportedApi:132 - Cannot load RTOS API schema: s4s-elt-must-match.1: The content of 'definitions' must match (annotation?, (simpleType | complexType)?, (unique | key | keyref)*)). A problem was found starting at: attribute.
2026-02-23 13:36:27,461 [INFO] PluginManage:359 - Loaded plugin pinoutconfig (category:base,tabindex:0)
2026-02-23 13:36:27,461 [INFO] PluginManage:310 - Check plugin power
2026-02-23 13:36:27,479 [INFO] PluginManage:359 - Loaded plugin power (category:power,tabindex:4)
2026-02-23 13:36:27,480 [INFO] PluginManage:310 - Check plugin projectmanager
2026-02-23 13:36:27,546 [INFO] PluginManage:359 - Loaded plugin projectmanager (category:projectmanager,tabindex:4)
2026-02-23 13:36:27,546 [INFO] PluginManage:310 - Check plugin rif
2026-02-23 13:36:27,568 [INFO] PluginManage:359 - Loaded plugin rif (category:base,tabindex:3)
2026-02-23 13:36:27,569 [INFO] PluginManage:310 - Check plugin thirdparty
2026-02-23 13:36:27,933 [INFO] PluginManage:359 - Loaded plugin thirdparty (category:base,tabindex:-1)
2026-02-23 13:36:27,934 [INFO] PluginManage:310 - Check plugin tools
2026-02-23 13:36:27,934 [WARN] IntegrityCheckThread:84 - waiting for thirdparty lock release [integrity check]
2026-02-23 13:36:27,937 [INFO] IntegrityCheckThread:86 - entering critical section [integrity check]
2026-02-23 13:36:27,938 [INFO] ThirdPartyUpdaterWithRetryManager:70 - Updater plugin not ready yet. [1/15]
2026-02-23 13:36:27,941 [INFO] PluginManage:359 - Loaded plugin tools (category:base,tabindex:7)
2026-02-23 13:36:27,941 [INFO] PluginManage:310 - Check plugin tutovideos
2026-02-23 13:36:28,462 [INFO] PluginManage:359 - Loaded plugin tutovideos (category:base,tabindex:-1)
2026-02-23 13:36:28,462 [INFO] PluginManage:310 - Check plugin updater
2026-02-23 13:36:28,533 [INFO] PluginManage:359 - Loaded plugin updater (category:base,tabindex:12)
2026-02-23 13:36:28,534 [INFO] PluginManage:310 - Check plugin userauth
2026-02-23 13:36:28,543 [INFO] UserAuth:118 - Init User Auth plugin
2026-02-23 13:36:28,545 [INFO] PluginManage:359 - Loaded plugin userauth (category:base,tabindex:14)
2026-02-23 13:36:28,547 [INFO] PluginManage:283 - PluginManage : Loaded plugins [18]
2026-02-23 13:36:29,049 [INFO] PinOutPanel:1589 - setPackage(No Configuration,No Configuration)
2026-02-23 13:36:29,283 [INFO] CADModel:165 - CPN selected for project level
2026-02-23 13:36:29,284 [INFO] CADModel:114 - Register for checkConnection events
2026-02-23 13:36:29,328 [INFO] IPUIPlugin:80 - create IPUIPlugin
2026-02-23 13:36:29,329 [INFO] PluginManager:220 - loadIPPluginJar : add adc
2026-02-23 13:36:29,338 [INFO] IPUIPlugin:80 - create IPUIPlugin
2026-02-23 13:36:29,339 [INFO] PluginManager:220 - loadIPPluginJar : add aes
2026-02-23 13:36:29,345 [INFO] IPUIPlugin:80 - create IPUIPlugin
2026-02-23 13:36:29,346 [INFO] PluginManager:220 - loadIPPluginJar : add can
2026-02-23 13:36:29,351 [INFO] IPUIPlugin:80 - create IPUIPlugin
2026-02-23 13:36:29,351 [INFO] PluginManager:220 - loadIPPluginJar : add comp
2026-02-23 13:36:29,358 [INFO] IPUIPlugin:80 - create IPUIPlugin
2026-02-23 13:36:29,358 [INFO] PluginManager:220 - loadIPPluginJar : add cryp
2026-02-23 13:36:29,366 [INFO] IPUIPlugin:80 - create IPUIPlugin
2026-02-23 13:36:29,366 [INFO] PluginManager:220 - loadIPPluginJar : add ddr_ctrl_phy
2026-02-23 13:36:29,371 [INFO] IPUIPlugin:80 - create IPUIPlugin
2026-02-23 13:36:29,372 [INFO] PluginManager:220 - loadIPPluginJar : add dfsdm
2026-02-23 13:36:29,383 [INFO] IPUIPlugin:80 - create IPUIPlugin
2026-02-23 13:36:29,385 [INFO] PluginManager:220 - loadIPPluginJar : add dma
2026-02-23 13:36:29,392 [INFO] IPUIPlugin:80 - create IPUIPlugin
2026-02-23 13:36:29,392 [INFO] PluginManager:220 - loadIPPluginJar : add dma3
2026-02-23 13:36:29,401 [INFO] IPUIPlugin:80 - create IPUIPlugin
2026-02-23 13:36:29,402 [INFO] PluginManager:220 - loadIPPluginJar : add extmemmanager
2026-02-23 13:36:29,407 [INFO] IPUIPlugin:80 - create IPUIPlugin
2026-02-23 13:36:29,407 [INFO] PluginManager:220 - loadIPPluginJar : add fatfs
2026-02-23 13:36:29,418 [INFO] IPUIPlugin:80 - create IPUIPlugin
2026-02-23 13:36:29,418 [INFO] PluginManager:220 - loadIPPluginJar : add fmc
2026-02-23 13:36:29,431 [INFO] IPUIPlugin:80 - create IPUIPlugin
2026-02-23 13:36:29,432 [INFO] PluginManager:220 - loadIPPluginJar : add freertos
2026-02-23 13:36:29,435 [INFO] IPUIPlugin:80 - create IPUIPlugin
2026-02-23 13:36:29,436 [INFO] PluginManager:220 - loadIPPluginJar : add genericplugin
2026-02-23 13:36:29,441 [INFO] IPUIPlugin:80 - create IPUIPlugin
2026-02-23 13:36:29,441 [INFO] PluginManager:220 - loadIPPluginJar : add gfxmmu
2026-02-23 13:36:29,450 [INFO] IPUIPlugin:80 - create IPUIPlugin
2026-02-23 13:36:29,450 [INFO] PluginManager:220 - loadIPPluginJar : add gic
2026-02-23 13:36:29,458 [INFO] IPUIPlugin:80 - create IPUIPlugin
2026-02-23 13:36:29,458 [INFO] PluginManager:220 - loadIPPluginJar : add gpio
2026-02-23 13:36:29,465 [INFO] IPUIPlugin:80 - create IPUIPlugin
2026-02-23 13:36:29,465 [INFO] PluginManager:220 - loadIPPluginJar : add gtzc
2026-02-23 13:36:29,471 [INFO] IPUIPlugin:80 - create IPUIPlugin
2026-02-23 13:36:29,472 [INFO] PluginManager:220 - loadIPPluginJar : add hash
2026-02-23 13:36:29,479 [INFO] IPUIPlugin:80 - create IPUIPlugin
2026-02-23 13:36:29,479 [INFO] PluginManager:220 - loadIPPluginJar : add i2c
2026-02-23 13:36:29,486 [INFO] IPUIPlugin:80 - create IPUIPlugin
2026-02-23 13:36:29,486 [INFO] PluginManager:220 - loadIPPluginJar : add i2s
2026-02-23 13:36:29,493 [INFO] IPUIPlugin:80 - create IPUIPlugin
2026-02-23 13:36:29,494 [INFO] PluginManager:220 - loadIPPluginJar : add i3c
2026-02-23 13:36:29,501 [INFO] IPUIPlugin:80 - create IPUIPlugin
2026-02-23 13:36:29,501 [INFO] PluginManager:220 - loadIPPluginJar : add ipddr
2026-02-23 13:36:29,517 [INFO] IPUIPlugin:80 - create IPUIPlugin
2026-02-23 13:36:29,518 [INFO] PluginManager:220 - loadIPPluginJar : add linkedlist
2026-02-23 13:36:29,528 [INFO] IPUIPlugin:80 - create IPUIPlugin
2026-02-23 13:36:29,528 [INFO] PluginManager:220 - loadIPPluginJar : add lorawan
2026-02-23 13:36:29,532 [INFO] IPUIPlugin:80 - create IPUIPlugin
2026-02-23 13:36:29,532 [INFO] PluginManager:220 - loadIPPluginJar : add ltdc
2026-02-23 13:36:29,544 [INFO] IPUIPlugin:80 - create IPUIPlugin
2026-02-23 13:36:29,544 [INFO] PluginManager:220 - loadIPPluginJar : add mdma
2026-02-23 13:36:29,550 [INFO] IPUIPlugin:80 - create IPUIPlugin
2026-02-23 13:36:29,551 [INFO] PluginManager:220 - loadIPPluginJar : add nvic
2026-02-23 13:36:29,557 [INFO] IPUIPlugin:80 - create IPUIPlugin
2026-02-23 13:36:29,557 [INFO] PluginManager:220 - loadIPPluginJar : add opamp
2026-02-23 13:36:29,565 [INFO] IPUIPlugin:80 - create IPUIPlugin
2026-02-23 13:36:29,565 [INFO] PluginManager:220 - loadIPPluginJar : add openamp
2026-02-23 13:36:29,574 [INFO] IPUIPlugin:80 - create IPUIPlugin
2026-02-23 13:36:29,574 [INFO] PluginManager:220 - loadIPPluginJar : add pdm2pcm
2026-02-23 13:36:29,591 [INFO] IPUIPlugin:80 - create IPUIPlugin
2026-02-23 13:36:29,597 [INFO] PluginManager:220 - loadIPPluginJar : add plateformsettings
2026-02-23 13:36:29,602 [INFO] IPUIPlugin:80 - create IPUIPlugin
2026-02-23 13:36:29,602 [INFO] PluginManager:220 - loadIPPluginJar : add quadspi
2026-02-23 13:36:29,610 [INFO] IPUIPlugin:80 - create IPUIPlugin
2026-02-23 13:36:29,612 [INFO] PluginManager:220 - loadIPPluginJar : add radio
2026-02-23 13:36:29,623 [INFO] IPUIPlugin:80 - create IPUIPlugin
2026-02-23 13:36:29,623 [INFO] PluginManager:220 - loadIPPluginJar : add resmgrutility
2026-02-23 13:36:29,632 [INFO] IPUIPlugin:80 - create IPUIPlugin
2026-02-23 13:36:29,632 [INFO] PluginManager:220 - loadIPPluginJar : add sai
2026-02-23 13:36:29,641 [INFO] IPUIPlugin:80 - create IPUIPlugin
2026-02-23 13:36:29,641 [INFO] PluginManager:220 - loadIPPluginJar : add spi
2026-02-23 13:36:29,659 [INFO] IPUIPlugin:80 - create IPUIPlugin
2026-02-23 13:36:29,661 [INFO] PluginManager:220 - loadIPPluginJar : add stm32_wpan
2026-02-23 13:36:29,666 [INFO] IPUIPlugin:80 - create IPUIPlugin
2026-02-23 13:36:29,666 [INFO] PluginManager:220 - loadIPPluginJar : add tim
2026-02-23 13:36:29,676 [INFO] IPUIPlugin:80 - create IPUIPlugin
2026-02-23 13:36:29,677 [INFO] PluginManager:220 - loadIPPluginJar : add touchsensing
2026-02-23 13:36:29,684 [INFO] IPUIPlugin:80 - create IPUIPlugin
2026-02-23 13:36:29,684 [INFO] PluginManager:220 - loadIPPluginJar : add tracer_emb
2026-02-23 13:36:29,689 [INFO] IPUIPlugin:80 - create IPUIPlugin
2026-02-23 13:36:29,690 [INFO] PluginManager:220 - loadIPPluginJar : add ts
2026-02-23 13:36:29,693 [INFO] IPUIPlugin:80 - create IPUIPlugin
2026-02-23 13:36:29,693 [INFO] PluginManager:220 - loadIPPluginJar : add tsc
2026-02-23 13:36:29,697 [INFO] IPUIPlugin:80 - create IPUIPlugin
2026-02-23 13:36:29,697 [INFO] PluginManager:220 - loadIPPluginJar : add ucpd
2026-02-23 13:36:29,703 [INFO] IPUIPlugin:80 - create IPUIPlugin
2026-02-23 13:36:29,704 [INFO] PluginManager:220 - loadIPPluginJar : add usart
2026-02-23 13:36:29,712 [INFO] IPUIPlugin:80 - create IPUIPlugin
2026-02-23 13:36:29,713 [INFO] PluginManager:220 - loadIPPluginJar : add usbx
2026-02-23 13:36:29,984 [FATAL] Updater:351 - Updater called before beeing initialized
2026-02-23 13:36:30,133 [INFO] RulesReader:64 - Compatibility file has been processed (317 Rules)
2026-02-23 13:36:30,186 [INFO] RulesReader:64 - Compatibility file has been processed (317 Rules)
2026-02-23 13:36:30,249 [INFO] CADModel:165 - CPN selected for project level
2026-02-23 13:36:30,249 [INFO] CADModel:114 - Register for checkConnection events
2026-02-23 13:36:30,249 [FATAL] Updater:351 - Updater called before beeing initialized
2026-02-23 13:36:30,250 [ERROR] CADModel:125 - Updater not yet initialized, retry later 
2026-02-23 13:36:30,673 [FATAL] Updater:351 - Updater called before beeing initialized
2026-02-23 13:36:30,679 [INFO] CADModel:165 - CPN selected for project level
2026-02-23 13:36:30,679 [INFO] CADModel:114 - Register for checkConnection events
2026-02-23 13:36:30,679 [FATAL] Updater:351 - Updater called before beeing initialized
2026-02-23 13:36:30,679 [ERROR] CADModel:125 - Updater not yet initialized, retry later 
2026-02-23 13:36:30,686 [FATAL] Updater:351 - Updater called before beeing initialized
2026-02-23 13:36:30,941 [INFO] ThirdPartyUpdaterWithRetryManager:70 - Updater plugin not ready yet. [2/15]
2026-02-23 13:36:30,979 [FATAL] Updater:351 - Updater called before beeing initialized
2026-02-23 13:36:30,988 [INFO] DbMcusAds:53 - JSON generation date=Wed Feb 18 20:02:49 IST 2026 (1771425169665)
2026-02-23 13:36:30,988 [FATAL] Updater:351 - Updater called before beeing initialized
2026-02-23 13:36:31,067 [WARN] DetailPanel:346 - Failed to get advertising image, set to default
2026-02-23 13:36:31,277 [FATAL] Updater:351 - Updater called before beeing initialized
2026-02-23 13:36:31,280 [FATAL] Updater:351 - Updater called before beeing initialized
2026-02-23 13:36:31,281 [FATAL] Updater:351 - Updater called before beeing initialized
2026-02-23 13:36:31,281 [WARN] DetailPanel:346 - Failed to get advertising image, set to default
2026-02-23 13:36:31,284 [FATAL] Updater:351 - Updater called before beeing initialized
2026-02-23 13:36:31,405 [ERROR] Updater:1198 - MainUpdater not yet initialized. External WinMGr cannot be set.
2026-02-23 13:36:31,409 [INFO] Updater:1134 - Updater Version found : 6.15.0
2026-02-23 13:36:31,453 [INFO] ApplicationProperties:184 - Using Application install path: C:\ST\STM32CubeIDE_1.19.0\STM32CubeIDE\plugins\com.st.stm32cube.common.mx_6.15.0.202507011659
2026-02-23 13:36:33,085 [ERROR] LogOutputStream:75 - [STDERR_REDIRECT] Feb 23, 2026 1:36:33 PM java.util.prefs.WindowsPreferences <init>
2026-02-23 13:36:33,088 [ERROR] LogOutputStream:75 - [STDERR_REDIRECT] WARNING: Could not open/create prefs root node Software\JavaSoft\Prefs at root 0xffffffff80000002. Windows RegCreateKeyEx(...) returned error code 5.
2026-02-23 13:36:33,089 [ERROR] LogOutputStream:75 - [STDERR_REDIRECT] 
2026-02-23 13:36:33,936 [INFO] MainUpdater:2872 - connection check result : 10
2026-02-23 13:36:33,938 [INFO] MainUpdater:289 - Updater Check For Update Now.
2026-02-23 13:36:33,938 [INFO] MicroXplorer:498 - Change Database Version : DB.6.0.150
2026-02-23 13:36:33,943 [WARN] MainUpdater:1193 - Updater busy. Cannot search thirdparties
2026-02-23 13:36:33,943 [INFO] ThirdPartyUpdaterWithRetryManager:96 - Updater plugin is busy. [1/15]
2026-02-23 13:36:33,968 [INFO] McuFinderGlobals:63 - Set McuFinder mode to 2 (CubeIDE integrated)
2026-02-23 13:36:33,970 [INFO] UserAuth:171 - activating auth plugin
2026-02-23 13:36:33,982 [INFO] UserAuth:487 - Internet connection configuration mode: 1
2026-02-23 13:36:34,079 [INFO] JxBrowserEngine:152 - Initiate JxBrowser Engine with user profile folder
2026-02-23 13:36:34,262 [INFO] CheckServerUpdateThread:120 - End of CheckServer Thread
2026-02-23 13:36:37,305 [INFO] WebApp:169 - Instantiating new browser for Auth
2026-02-23 13:36:37,510 [WARN] PackLoader:240 - Cannot read IP mode file for STMicroelectronics.FP-ATR-ASTRA1.2.0.2
2026-02-23 13:36:37,530 [WARN] PackLoader:240 - Cannot read IP mode file for STMicroelectronics.X-CUBE-SMBUS.2.1.0
2026-02-23 13:36:37,598 [WARN] PackLoader:240 - Cannot read IP mode file for STMicroelectronics.X-CUBE-AZRTOS-F7.1.1.0
2026-02-23 13:36:37,625 [WARN] PackLoader:240 - Cannot read IP mode file for STMicroelectronics.X-CUBE-DISPLAY.3.0.0
2026-02-23 13:36:37,700 [WARN] PackLoader:240 - Cannot read IP mode file for STMicroelectronics.X-CUBE-NFC10.1.0.0
2026-02-23 13:36:37,715 [WARN] PackLoader:240 - Cannot read IP mode file for STMicroelectronics.FP-SNS-SMARTAG2.1.2.0
2026-02-23 13:36:37,729 [WARN] PackLoader:240 - Cannot read IP mode file for STMicroelectronics.FP-SNS-FLIGHT1.5.1.0
2026-02-23 13:36:37,744 [WARN] PackLoader:240 - Cannot read IP mode file for STMicroelectronics.X-CUBE-BLE2.3.3.0
2026-02-23 13:36:37,761 [WARN] PackLoader:240 - Cannot read IP mode file for STMicroelectronics.X-CUBE-NFC9.1.0.0
2026-02-23 13:36:37,777 [WARN] PackLoader:240 - Cannot read IP mode file for STMicroelectronics.X-CUBE-BLE1.7.1.0
2026-02-23 13:36:37,817 [WARN] PackLoader:240 - Cannot read IP mode file for STMicroelectronics.X-CUBE-AZRTOS-G0.1.1.0
2026-02-23 13:36:37,838 [WARN] PackLoader:240 - Cannot read IP mode file for STMicroelectronics.X-CUBE-NFC4.3.0.0
2026-02-23 13:36:37,856 [WARN] PackLoader:240 - Cannot read IP mode file for STMicroelectronics.X-CUBE-TCPP.4.2.0
2026-02-23 13:36:37,870 [WARN] PackLoader:240 - Cannot read IP mode file for STMicroelectronics.FP-ATR-SIGFOX1.3.2.0
2026-02-23 13:36:37,891 [WARN] PackLoader:240 - Cannot read IP mode file for STMicroelectronics.X-CUBE-ALGOBUILD.1.4.0
2026-02-23 13:36:37,905 [WARN] PackLoader:240 - Cannot read IP mode file for STMicroelectronics.X-CUBE-PM33A1.1.0.0
2026-02-23 13:36:37,961 [WARN] PackLoader:240 - Cannot read IP mode file for STMicroelectronics.X-CUBE-AZRTOS-F4.1.1.0
2026-02-23 13:36:37,981 [WARN] PackLoader:240 - Cannot read IP mode file for STMicroelectronics.X-CUBE-ISPU.2.1.0
2026-02-23 13:36:38,039 [WARN] PackLoader:240 - Cannot read IP mode file for STMicroelectronics.X-CUBE-AZRTOS-L5.2.0.0
2026-02-23 13:36:38,058 [WARN] PackLoader:240 - Cannot read IP mode file for STMicroelectronics.X-CUBE-DPower.1.3.0
2026-02-23 13:36:38,104 [WARN] ConditionMgr:438 - getConditionDescription Invalid condition id : LAN8742 Phy interface Condition cause : null
2026-02-23 13:36:38,105 [WARN] PackLoader:240 - Cannot read IP mode file for STMicroelectronics.X-CUBE-AZRTOS-L4.2.0.0
2026-02-23 13:36:38,108 [WARN] ConditionMgr:1044 - genDependencies : Invalid condition id : LAN8742 Phy interface Condition cause : null
2026-02-23 13:36:38,108 [WARN] ConditionMgr:1044 - genDependencies : Invalid condition id : LAN8742 Phy interface Condition cause : null
2026-02-23 13:36:38,109 [WARN] ConditionMgr:1044 - genDependencies : Invalid condition id : LAN8742 Phy interface Condition cause : null
2026-02-23 13:36:38,124 [WARN] PackLoader:240 - Cannot read IP mode file for STMicroelectronics.X-CUBE-SFXS2LP1.4.0.0
2026-02-23 13:36:38,151 [WARN] ConditionMgr:438 - getConditionDescription Invalid condition id : UX DEVICE CLASS RTOS Condition cause : null
2026-02-23 13:36:38,151 [WARN] ConditionMgr:438 - getConditionDescription Invalid condition id : UX DEVICE CLASS RTOS Condition cause : null
2026-02-23 13:36:38,154 [WARN] PackLoader:240 - Cannot read IP mode file for STMicroelectronics.X-CUBE-AZRTOS-WB.2.0.0
2026-02-23 13:36:38,155 [WARN] ConditionMgr:1044 - genDependencies : Invalid condition id : UX DEVICE CLASS RTOS Condition cause : null
2026-02-23 13:36:38,155 [WARN] ConditionMgr:1044 - genDependencies : Invalid condition id : UX DEVICE CLASS RTOS Condition cause : null
2026-02-23 13:36:38,156 [WARN] ConditionMgr:1044 - genDependencies : Invalid condition id : UX DEVICE CLASS RTOS Condition cause : null
2026-02-23 13:36:38,156 [WARN] ConditionMgr:1044 - genDependencies : Invalid condition id : UX DEVICE CLASS RTOS Condition cause : null
2026-02-23 13:36:38,157 [WARN] ConditionMgr:1044 - genDependencies : Invalid condition id : UX DEVICE CLASS RTOS Condition cause : null
2026-02-23 13:36:38,175 [WARN] PackLoader:240 - Cannot read IP mode file for STMicroelectronics.X-CUBE-SUBG2.5.0.0
2026-02-23 13:36:38,216 [WARN] PackLoader:240 - Cannot read IP mode file for STMicroelectronics.X-CUBE-AZRTOS-G4.2.0.0
2026-02-23 13:36:38,233 [WARN] PackLoader:240 - Cannot read IP mode file for STMicroelectronics.X-CUBE-NFC7.2.0.0
2026-02-23 13:36:38,247 [WARN] PackLoader:240 - Cannot read IP mode file for STMicroelectronics.X-CUBE-ALS.1.0.2
2026-02-23 13:36:38,277 [WARN] PackLoader:240 - Cannot read IP mode file for STMicroelectronics.X-CUBE-TOF1.3.4.3
2026-02-23 13:36:38,353 [INFO] ThirdParty:978 - Integrity check success = true
2026-02-23 13:36:38,354 [INFO] IntegrityCheckThread:100 - exiting critical section [integrity check]
2026-02-23 13:36:38,354 [INFO] IntegrityCheckThread:103 - End integrity checks thread
2026-02-23 13:36:40,309 [INFO] WebApp:463 - Apply proxy settings
2026-02-23 13:36:40,309 [INFO] WebApp:548 - Chromium requires no authentication
2026-02-23 13:36:40,336 [INFO] WebApp:491 - Direct internet connection detected
2026-02-23 13:36:40,393 [INFO] WebApp:900 - Register for checkConnection events
2026-02-23 13:36:40,395 [INFO] WebApp:463 - Apply proxy settings
2026-02-23 13:36:40,396 [INFO] WebApp:548 - Chromium requires no authentication
2026-02-23 13:36:40,397 [INFO] WebApp:491 - Direct internet connection detected
2026-02-23 13:36:40,801 [INFO] WebApp:191 - Connection restablished
2026-02-23 13:36:40,821 [INFO] WebApp:225 - Starting web application
2026-02-23 13:36:40,821 [INFO] WebApp:593 - Web application path used C:\ST\STM32CubeIDE_1.19.0\STM32CubeIDE\plugins\com.st.stm32cube.common.mx_6.15.0.202507011659\db\plugins\mcufinder\reactClient1\index.html
2026-02-23 13:37:53,622 [ERROR] LogOutputStream:75 - [STDERR_REDIRECT] 
